minifier_babel Summary:
AST Parsed     : 1624/1624 (100.00%)
Positive Passed: 1623/1624 (99.94%)
Expect to Parse: "core/scope/dupl-bind-nested-var-let/input.js"
